[rcventures.co.in/index.html]
[backblue.gif]
[fade.gif]
[index.html]
[rcventures.co.in/css/reset.css]
[rcventures.co.in/css/normalize.css]
[rcventures.co.in/css/1140.css]
[rcventures.co.in/css/style.css]
[rcventures.co.in/css/flexslider.css]
[rcventures.co.in/css/color.css]
[rcventures.co.in/css/layout.css]
[rcventures.co.in/css/prettyPhoto.css]
[rcventures.co.in/images/social/linkedin.png]
[rcventures.co.in/images/social/facebook.png]
[rcventures.co.in/images/social/twitter.png]
[rcventures.co.in/images/social/flicker.png]
[rcventures.co.in/images/social/youtube.png]
[rcventures.co.in/images/social/vimeo.png]
[rcventures.co.in/images/social/dribbble.png]
[rcventures.co.in/index-2.html]
[rcventures.co.in/images/logo.png]
[rcventures.co.in/about.html]
[rcventures.co.in/materialhandling.html]
[rcventures.co.in/industrial_crates.html]
[rcventures.co.in/storagerackingbins.html]
[rcventures.co.in/jumbocrates.html]
[rcventures.co.in/rotocrates.html]
[rcventures.co.in/fabricationcrates.html]
[rcventures.co.in/accessories.html]
[rcventures.co.in/antistaticcrates.html]
[rcventures.co.in/fruit_vegetables_crates.html]
[rcventures.co.in/dairy_crates.html]
[rcventures.co.in/bottle_crates.html]
[rcventures.co.in/fish_crates.html]
[rcventures.co.in/ice_box.html]
[rcventures.co.in/milkcans.html]
[rcventures.co.in/chillpads.html]
[rcventures.co.in/roto_pallet.html]
[rcventures.co.in/injection_pallet.html]
[rcventures.co.in/wastemanagement.html]
[rcventures.co.in/mobilegrabagebins.html]
[rcventures.co.in/freestandlitterbin.html]
[rcventures.co.in/contact.html]
[rcventures.co.in/images/slider/bg-slider1.png]
[rcventures.co.in/images/slider/slider1.png]
[rcventures.co.in/images/slider/slider2.png]
[rcventures.co.in/images/slider/slider4.png]
[rcventures.co.in/images/slider/slider3.png]
[rcventures.co.in/images/content/iconhome-6.png]
[rcventures.co.in/images/content/iconhome-2.png]
[rcventures.co.in/images/content/iconhome-3.png]
[rcventures.co.in/images/products/industrial_crates_11_400x300.jpg]
[rcventures.co.in/images/products/thumb/industrial_crates_11_400x300.jpg]
[rcventures.co.in/images/products/roto_crate_3.jpg]
[rcventures.co.in/images/products/thumb/roto_crate_3.jpg]
[rcventures.co.in/images/products/fv_8.jpg]
[rcventures.co.in/images/products/thumb/fv_8.jpg]
[rcventures.co.in/images/products/mgb_5.jpg]
[rcventures.co.in/images/products/thumb/mgb_5.jpg]
[rcventures.co.in/images/products/fish_crates_4.jpg]
[rcventures.co.in/images/products/thumb/fish_crates_4.jpg]
[rcventures.co.in/js/jquery-1.6.4.min.js]
[rcventures.co.in/js/modernizr.js]
[rcventures.co.in/js/jquery.easing.js]
[rcventures.co.in/js/hoverIntent.js]
[rcventures.co.in/js/superfish.js]
[rcventures.co.in/js/supersubs.js]
[rcventures.co.in/js/jquery.prettyPhoto.js]
[rcventures.co.in/js/fade.js]
[rcventures.co.in/js/custom.js]
[rcventures.co.in/index.html]
[fonts.googleapis.com/css5c84.css]
[rcventures.co.in/css/reset.css]
[rcventures.co.in/css/normalize.css]
[rcventures.co.in/css/1140.css]
[rcventures.co.in/js/jquery.flexslider-min.js]
[rcventures.co.in/images/quote.png]
[rcventures.co.in/images/search.png]
[rcventures.co.in/images/arrow_down.png]
[rcventures.co.in/images/arrow_right.png]
[rcventures.co.in/images/bg/bg3.48.delayed]
[rcventures.co.in/images/ajax-loader.gif]
[rcventures.co.in/images/arrowleft_bold.png]
[rcventures.co.in/images/arrowright_bold.png]
[rcventures.co.in/images/bg_sliderbutton.png]
[rcventures.co.in/images/imac.4d.delayed]
[rcventures.co.in/images/trigger_right.png]
[rcventures.co.in/images/trigger_left.png]
[rcventures.co.in/images/list-recent-posts.png]
[rcventures.co.in/images/trigger_down.png]
[rcventures.co.in/images/arrowbubble.png]
[rcventures.co.in/images/arrowleft_small.png]
[rcventures.co.in/images/arrowright_small.png]
[rcventures.co.in/images/noimage.55.delayed]
[rcventures.co.in/images/hover-zoom.png]
[rcventures.co.in/images/hover-link.png]
[rcventures.co.in/images/hover-doc.png]
[rcventures.co.in/images/icons/address/email.png]
[rcventures.co.in/images/icons/address/home.png]
[rcventures.co.in/images/icons/address/phone.png]
[rcventures.co.in/images/icons/address/mobile.png]
[rcventures.co.in/images/sliderdot.5d.delayed]
[rcventures.co.in/images/list-check.png]
[rcventures.co.in/css/style.css]
[rcventures.co.in/css/images/bg_direction_nav.5f.delayed]
[rcventures.co.in/css/flexslider.css]
[rcventures.co.in/css/color.css]
[rcventures.co.in/images/menu-icon.png]
[rcventures.co.in/css/layout.css]
[rcventures.co.in/images/prettyPhoto/default/sprite.png]
[rcventures.co.in/images/prettyPhoto/default/sprite_x.png]
[rcventures.co.in/images/prettyPhoto/default/sprite_y.png]
[rcventures.co.in/images/prettyPhoto/default/sprite_next.png]
[rcventures.co.in/images/prettyPhoto/default/sprite_prev.png]
[rcventures.co.in/images/prettyPhoto/default/default_thumb.png]
[rcventures.co.in/images/prettyPhoto/default/loader.gif]
[rcventures.co.in/images/prettyPhoto/light_rounded/sprite.png]
[rcventures.co.in/images/prettyPhoto/light_rounded/btnNext.png]
[rcventures.co.in/images/prettyPhoto/light_rounded/btnPrevious.png]
[rcventures.co.in/images/prettyPhoto/dark_rounded/sprite.png]
[rcventures.co.in/images/prettyPhoto/dark_rounded/contentPattern.png]
[rcventures.co.in/images/prettyPhoto/dark_rounded/btnNext.png]
[rcventures.co.in/images/prettyPhoto/dark_rounded/btnPrevious.png]
[rcventures.co.in/images/prettyPhoto/dark_rounded/loader.gif]
[rcventures.co.in/images/prettyPhoto/dark_square/loader.gif]
[rcventures.co.in/images/prettyPhoto/dark_square/sprite.png]
[rcventures.co.in/images/prettyPhoto/dark_square/btnNext.png]
[rcventures.co.in/images/prettyPhoto/dark_square/btnPrevious.png]
[rcventures.co.in/images/prettyPhoto/light_square/sprite.png]
[rcventures.co.in/images/prettyPhoto/light_square/btnNext.png]
[rcventures.co.in/images/prettyPhoto/light_square/btnPrevious.png]
[rcventures.co.in/images/prettyPhoto/facebook/sprite.png]
[rcventures.co.in/images/prettyPhoto/facebook/contentPatternTop.png]
[rcventures.co.in/images/prettyPhoto/facebook/contentPatternLeft.png]
[rcventures.co.in/images/prettyPhoto/facebook/contentPatternRight.png]
[rcventures.co.in/images/prettyPhoto/facebook/loader.gif]
[rcventures.co.in/images/prettyPhoto/facebook/btnNext.png]
[rcventures.co.in/images/prettyPhoto/facebook/btnPrevious.png]
[rcventures.co.in/images/prettyPhoto/facebook/contentPatternBottom.png]
[rcventures.co.in/images/prettyPhoto/facebook/default_thumbnail.gif]
[rcventures.co.in/images/prettyPhoto/light_rounded/loader.gif]
[rcventures.co.in/css/prettyPhoto.css]
[rcventures.co.in/index-2.html]
[rcventures.co.in/images/content_header_bg.png]
[rcventures.co.in/about.html]
[rcventures.co.in/materialhandling.html]
[ajax.googleapis.com/ajax/libs/jquery/1.8/jquery.min.js]
[rcventures.co.in/js/jquery.fancybox.css]
[rcventures.co.in/images/products/industrial_crates_1_300x200.jpg]
[rcventures.co.in/js/jquery.fancybox.js]
[rcventures.co.in/images/products/thumb/industrial_crates_1_300x200.jpg]
[rcventures.co.in/images/products/industrial_crates_2_300x200.jpg]
[rcventures.co.in/images/products/thumb/industrial_crates_2_300x200.jpg]
[rcventures.co.in/images/products/industrial_crates_3_300x200.jpg]
[rcventures.co.in/images/products/thumb/industrial_crates_3_300x200.jpg]
[rcventures.co.in/images/products/industrial_crates_4_300x200.jpg]
[rcventures.co.in/images/products/thumb/industrial_crates_4_300x200.jpg]
[rcventures.co.in/images/products/industrial_crates_1_400x300.jpg]
[rcventures.co.in/images/products/thumb/industrial_crates_1_400x300.jpg]
[rcventures.co.in/images/products/industrial_crates_2_400x300.jpg]
[rcventures.co.in/images/products/thumb/industrial_crates_2_400x300.jpg]
[rcventures.co.in/images/products/industrial_crates_3_400x300.jpg]
[rcventures.co.in/images/products/thumb/industrial_crates_3_400x300.jpg]
[rcventures.co.in/images/products/industrial_crates_4_400x300.jpg]
[rcventures.co.in/images/products/thumb/industrial_crates_4_400x300.jpg]
[rcventures.co.in/images/products/industrial_crates_5_400x300.jpg]
[rcventures.co.in/images/products/thumb/industrial_crates_5_400x300.jpg]
[rcventures.co.in/images/products/industrial_crates_6_400x300.jpg]
[rcventures.co.in/images/products/thumb/industrial_crates_6_400x300.jpg]
[rcventures.co.in/images/products/industrial_crates_7_400x300.jpg]
[rcventures.co.in/images/products/thumb/industrial_crates_7_400x300.jpg]
[rcventures.co.in/images/products/industrial_crates_8_400x300.jpg]
[rcventures.co.in/images/products/thumb/industrial_crates_8_400x300.jpg]
[rcventures.co.in/images/products/industrial_crates_9_400x300.jpg]
[rcventures.co.in/images/products/thumb/industrial_crates_9_400x300.jpg]
[rcventures.co.in/images/products/industrial_crates_10_400x300.jpg]
[rcventures.co.in/images/products/thumb/industrial_crates_10_400x300.jpg]
[rcventures.co.in/images/products/industrial_crates_12_400x300.jpg]
[rcventures.co.in/images/products/thumb/industrial_crates_12_400x300.jpg]
[rcventures.co.in/images/products/industrial_crates_1_500x325.jpg]
[rcventures.co.in/images/products/thumb/industrial_crates_1_500x325.jpg]
[rcventures.co.in/images/products/industrial_crates_2_500x325.jpg]
[rcventures.co.in/images/products/thumb/industrial_crates_2_500x325.jpg]
[rcventures.co.in/images/products/industrial_crates_3_500x325.jpg]
[rcventures.co.in/images/products/thumb/industrial_crates_3_500x325.jpg]
[rcventures.co.in/images/products/industrial_crates_4_500x325.jpg]
[rcventures.co.in/images/products/thumb/industrial_crates_4_500x325.jpg]
[rcventures.co.in/images/products/industrial_crates_5_500x325.jpg]
[rcventures.co.in/images/products/thumb/industrial_crates_5_500x325.jpg]
[rcventures.co.in/images/products/industrial_crates_6_500x325.jpg]
[rcventures.co.in/images/products/thumb/industrial_crates_6_500x325.jpg]
[rcventures.co.in/images/products/industrial_crates_1_600x400.jpg]
[rcventures.co.in/images/products/thumb/industrial_crates_1_600x400.jpg]
[rcventures.co.in/images/products/industrial_crates_2_600x400.jpg]
[rcventures.co.in/images/products/thumb/industrial_crates_2_600x400.jpg]
[rcventures.co.in/images/products/industrial_crates_3_600x400.jpg]
[rcventures.co.in/images/products/thumb/industrial_crates_3_600x400.jpg]
[rcventures.co.in/images/products/industrial_crates_4_600x400.jpg]
[rcventures.co.in/images/products/thumb/industrial_crates_4_600x400.jpg]
[rcventures.co.in/images/products/industrial_crates_5_600x400.jpg]
[rcventures.co.in/images/products/thumb/industrial_crates_5_600x400.jpg]
[rcventures.co.in/images/products/industrial_crates_6_600x400.jpg]
[rcventures.co.in/images/products/thumb/industrial_crates_6_600x400.jpg]
[rcventures.co.in/images/products/industrial_crates_7_600x400.jpg]
[rcventures.co.in/images/products/thumb/industrial_crates_7_600x400.jpg]
[rcventures.co.in/images/products/industrial_crates_8_600x400.jpg]
[rcventures.co.in/images/products/thumb/industrial_crates_8_600x400.jpg]
[rcventures.co.in/images/products/industrial_crates_9_600x400.jpg]
[rcventures.co.in/images/products/thumb/industrial_crates_9_600x400.jpg]
[rcventures.co.in/images/products/industrial_crates_10_600x400.jpg]
[rcventures.co.in/images/products/thumb/industrial_crates_10_600x400.jpg]
[rcventures.co.in/images/products/industrial_crates_11_600x400.jpg]
[rcventures.co.in/images/products/thumb/industrial_crates_11_600x400.jpg]
[rcventures.co.in/images/products/industrial_crates_12_600x400.jpg]
[rcventures.co.in/images/products/thumb/industrial_crates_12_600x400.jpg]
[rcventures.co.in/industrial_crates.html]
[rcventures.co.in/industrial_crates-2.html]
[rcventures.co.in/images/products/storage_bins_1.jpg]
[rcventures.co.in/images/products/thumb/storage_bins_1.jpg]
[rcventures.co.in/images/products/storage_bins_2.jpg]
[rcventures.co.in/images/products/thumb/storage_bins_2.jpg]
[rcventures.co.in/images/products/storage_bins_3.jpg]
[rcventures.co.in/images/products/thumb/storage_bins_3.jpg]
[rcventures.co.in/images/products/storage_bins_4.jpg]
[rcventures.co.in/images/products/thumb/storage_bins_4.jpg]
[rcventures.co.in/images/products/storage_bins_5.jpg]
[rcventures.co.in/images/products/thumb/storage_bins_5.jpg]
[rcventures.co.in/images/products/storage_bins_6.jpg]
[rcventures.co.in/images/products/thumb/storage_bins_6.jpg]
[rcventures.co.in/images/products/storage_bins_7.jpg]
[rcventures.co.in/images/products/thumb/storage_bins_7.jpg]
[rcventures.co.in/images/products/storage_bins_8.jpg]
[rcventures.co.in/images/products/thumb/storage_bins_8.jpg]
[rcventures.co.in/images/products/storage_bins_9.jpg]
[rcventures.co.in/images/products/thumb/storage_bins_9.jpg]
[rcventures.co.in/images/products/storage_bins_10.jpg]
[rcventures.co.in/images/products/thumb/storage_bins_10.jpg]
[rcventures.co.in/images/products/storage_bins_11.jpg]
[rcventures.co.in/images/products/thumb/storage_bins_11.jpg]
[rcventures.co.in/images/products/storage_bins_12.jpg]
[rcventures.co.in/images/products/thumb/storage_bins_12.jpg]
[rcventures.co.in/storagerackingbins.html]
[rcventures.co.in/images/products/jumbo_1.jpg]
[rcventures.co.in/images/products/thumb/jumbo_1.jpg]
[rcventures.co.in/images/products/jumbo_2.jpg]
[rcventures.co.in/images/products/thumb/jumbo_2.jpg]
[rcventures.co.in/jumbocrates.html]
[rcventures.co.in/images/products/roto_crate_1.jpg]
[rcventures.co.in/images/products/thumb/roto_crate_1.jpg]
[rcventures.co.in/images/products/roto_crate_2.jpg]
[rcventures.co.in/images/products/thumb/roto_crate_2.jpg]
[rcventures.co.in/images/products/roto_crate_4.jpg]
[rcventures.co.in/images/products/thumb/roto_crate_4.jpg]
[rcventures.co.in/images/products/roto_crate_5.jpg]
[rcventures.co.in/images/products/thumb/roto_crate_5.jpg]
[rcventures.co.in/images/products/roto_crate_6.jpg]
[rcventures.co.in/images/products/thumb/roto_crate_6.jpg]
[rcventures.co.in/images/products/roto_crate_7.jpg]
[rcventures.co.in/images/products/thumb/roto_crate_7.jpg]
[rcventures.co.in/images/products/roto_crate_8.jpg]
[rcventures.co.in/images/products/thumb/roto_crate_8.jpg]
[rcventures.co.in/images/products/roto_crate_9.jpg]
[rcventures.co.in/images/products/thumb/roto_crate_9.jpg]
[rcventures.co.in/images/products/roto_crate_10.jpg]
[rcventures.co.in/images/products/thumb/roto_crate_10.jpg]
[rcventures.co.in/images/products/roto_crate_11.jpg]
[rcventures.co.in/images/products/thumb/roto_crate_11.jpg]
[rcventures.co.in/rotocrates.html]
[rcventures.co.in/images/products/fabrication_crates_1.jpg]
[rcventures.co.in/images/products/thumb/fabrication_crates_1.jpg]
[rcventures.co.in/images/products/fabrication_crates_2.jpg]
[rcventures.co.in/images/products/thumb/fabrication_crates_2.jpg]
[rcventures.co.in/images/products/fabrication_crates_3.jpg]
[rcventures.co.in/images/products/thumb/fabrication_crates_3.jpg]
[rcventures.co.in/images/products/fabrication_crates_4.jpg]
[rcventures.co.in/images/products/thumb/fabrication_crates_4.jpg]
[rcventures.co.in/images/products/fabrication_crates_5.jpg]
[rcventures.co.in/images/products/thumb/fabrication_crates_5.jpg]
[rcventures.co.in/images/products/fabrication_crates_6.jpg]
[rcventures.co.in/images/products/thumb/fabrication_crates_6.jpg]
[rcventures.co.in/images/products/fabrication_crates_7.jpg]
[rcventures.co.in/images/products/thumb/fabrication_crates_7.jpg]
[rcventures.co.in/images/products/fabrication_crates_8.jpg]
[rcventures.co.in/images/products/thumb/fabrication_crates_8.jpg]
[rcventures.co.in/images/products/fabrication_crates_9.jpg]
[rcventures.co.in/images/products/thumb/fabrication_crates_9.jpg]
[rcventures.co.in/images/products/fabrication_crates_10.jpg]
[rcventures.co.in/images/products/thumb/fabrication_crates_10.jpg]
[rcventures.co.in/fabricationcrates.html]
[rcventures.co.in/images/products/accessories.jpg]
[rcventures.co.in/images/products/thumb/accessories.jpg]
[rcventures.co.in/accessories.html]
[rcventures.co.in/images/products/antistatic.jpg]
[rcventures.co.in/images/products/thumb/antistatic.jpg]
[rcventures.co.in/antistaticcrates.html]
[rcventures.co.in/industry_wise_crates.111.delayed]
[rcventures.co.in/images/products/fv_1.jpg]
[rcventures.co.in/images/products/thumb/fv_1.jpg]
[rcventures.co.in/images/products/fv_2.jpg]
[rcventures.co.in/images/products/thumb/fv_2.jpg]
[rcventures.co.in/images/products/fv_3.jpg]
[rcventures.co.in/images/products/thumb/fv_3.jpg]
[rcventures.co.in/images/products/fv_4.jpg]
[rcventures.co.in/images/products/thumb/fv_4.jpg]
[rcventures.co.in/images/products/fv_5.jpg]
[rcventures.co.in/images/products/thumb/fv_5.jpg]
[rcventures.co.in/images/products/fv_6.jpg]
[rcventures.co.in/images/products/thumb/fv_6.jpg]
[rcventures.co.in/images/products/fv_7.jpg]
[rcventures.co.in/images/products/thumb/fv_7.jpg]
[rcventures.co.in/fruit_vegetables_crates.html]
[rcventures.co.in/images/products/dairy_crates_1.jpg]
[rcventures.co.in/images/products/thumb/dairy_crates_1.jpg]
[rcventures.co.in/images/products/dairy_crates_2.jpg]
[rcventures.co.in/images/products/thumb/dairy_crates_2.jpg]
[rcventures.co.in/images/products/dairy_crates_3.jpg]
[rcventures.co.in/images/products/thumb/dairy_crates_3.jpg]
[rcventures.co.in/images/products/dairy_crates_4.jpg]
[rcventures.co.in/images/products/thumb/dairy_crates_4.jpg]
[rcventures.co.in/dairy_crates.html]
[rcventures.co.in/images/products/bottle_crate.jpg]
[rcventures.co.in/images/products/thumb/bottle_crate.jpg]
[rcventures.co.in/bottle_crates.html]
[rcventures.co.in/images/products/fish_crates_1.jpg]
[rcventures.co.in/images/products/thumb/fish_crates_1.jpg]
[rcventures.co.in/images/products/fish_crates_2.jpg]
[rcventures.co.in/images/products/thumb/fish_crates_2.jpg]
[rcventures.co.in/images/products/fish_crates_3.jpg]
[rcventures.co.in/images/products/thumb/fish_crates_3.jpg]
[rcventures.co.in/images/products/fish_crates_5.jpg]
[rcventures.co.in/images/products/thumb/fish_crates_5.jpg]
[rcventures.co.in/fish_crates.html]
[rcventures.co.in/images/products/ice_box_1.jpg]
[rcventures.co.in/images/products/thumb/ice_box_1.jpg]
[rcventures.co.in/images/products/ice_box_2.jpg]
[rcventures.co.in/images/products/thumb/ice_box_2.jpg]
[rcventures.co.in/images/products/ice_box_3.jpg]
[rcventures.co.in/images/products/thumb/ice_box_3.jpg]
[rcventures.co.in/images/products/ice_box_4.jpg]
[rcventures.co.in/images/products/thumb/ice_box_4.jpg]
[rcventures.co.in/images/products/ice_box_5.jpg]
[rcventures.co.in/images/products/thumb/ice_box_5.jpg]
[rcventures.co.in/images/products/ice_box_6.jpg]
[rcventures.co.in/images/products/thumb/ice_box_6.jpg]
[rcventures.co.in/images/products/ice_box_7.jpg]
[rcventures.co.in/images/products/thumb/ice_box_7.jpg]
[rcventures.co.in/images/products/ice_box_8.jpg]
[rcventures.co.in/images/products/thumb/ice_box_8.jpg]
[rcventures.co.in/ice_box.html]
[rcventures.co.in/images/products/milk_can.jpg]
[rcventures.co.in/images/products/thumb/milk_can.jpg]
[rcventures.co.in/milkcans.html]
[rcventures.co.in/images/products/chill_pads_1.jpg]
[rcventures.co.in/images/products/thumb/chill_pads_1.jpg]
[rcventures.co.in/images/products/chill_pads_2.jpg]
[rcventures.co.in/images/products/thumb/chill_pads_2.jpg]
[rcventures.co.in/images/products/chill_pads_3.jpg]
[rcventures.co.in/images/products/thumb/chill_pads_3.jpg]
[rcventures.co.in/chillpads.html]
[rcventures.co.in/images/products/roto_pallet_1.jpg]
[rcventures.co.in/images/products/thumb/roto_pallet_1.jpg]
[rcventures.co.in/images/products/roto_pallet_2.jpg]
[rcventures.co.in/images/products/thumb/roto_pallet_2.jpg]
[rcventures.co.in/images/products/roto_pallet_3.jpg]
[rcventures.co.in/images/products/thumb/roto_pallet_3.jpg]
[rcventures.co.in/images/products/roto_pallet_4.jpg]
[rcventures.co.in/images/products/thumb/roto_pallet_4.jpg]
[rcventures.co.in/images/products/roto_pallet_5.jpg]
[rcventures.co.in/images/products/thumb/roto_pallet_5.jpg]
[rcventures.co.in/images/products/roto_pallet_6.jpg]
[rcventures.co.in/images/products/thumb/roto_pallet_6.jpg]
[rcventures.co.in/roto_pallet.html]
[rcventures.co.in/images/products/injection_pallet.jpg]
[rcventures.co.in/images/products/thumb/injection_pallet.jpg]
[rcventures.co.in/injection_pallet.html]
[rcventures.co.in/wastemanagement.html]
[rcventures.co.in/images/products/mgb_1.jpg]
[rcventures.co.in/images/products/thumb/mgb_1.jpg]
[rcventures.co.in/images/products/mgb_2.jpg]
[rcventures.co.in/images/products/thumb/mgb_2.jpg]
[rcventures.co.in/images/products/mgb_3.jpg]
[rcventures.co.in/images/products/thumb/mgb_3.jpg]
[rcventures.co.in/images/products/mgb_4.jpg]
[rcventures.co.in/images/products/thumb/mgb_4.jpg]
[rcventures.co.in/images/products/mgb_6.jpg]
[rcventures.co.in/images/products/thumb/mgb_6.jpg]
[rcventures.co.in/images/products/mgb_7.jpg]
[rcventures.co.in/images/products/thumb/mgb_7.jpg]
[rcventures.co.in/images/products/mgb_8.jpg]
[rcventures.co.in/images/products/thumb/mgb_8.jpg]
[rcventures.co.in/images/products/mgb_9.jpg]
[rcventures.co.in/images/products/thumb/mgb_9.jpg]
[rcventures.co.in/images/products/mgb_10.jpg]
[rcventures.co.in/images/products/thumb/mgb_10.jpg]
[rcventures.co.in/images/products/mgb_11.jpg]
[rcventures.co.in/images/products/thumb/mgb_11.jpg]
[rcventures.co.in/images/products/mgb_12.jpg]
[rcventures.co.in/images/products/thumb/mgb_12.jpg]
[rcventures.co.in/images/products/mgb_13.jpg]
[rcventures.co.in/images/products/thumb/mgb_13.jpg]
[rcventures.co.in/mobilegrabagebins.html]
[rcventures.co.in/images/products/fsl_1.jpg]
[rcventures.co.in/images/products/thumb/fsl_1.jpg]
[rcventures.co.in/images/products/fsl_2.jpg]
[rcventures.co.in/images/products/thumb/fsl_2.jpg]
[rcventures.co.in/images/products/fsl_3.jpg]
[rcventures.co.in/images/products/thumb/fsl_3.jpg]
[rcventures.co.in/images/products/fsl_4.jpg]
[rcventures.co.in/images/products/thumb/fsl_4.jpg]
[rcventures.co.in/images/products/fsl_5.jpg]
[rcventures.co.in/images/products/thumb/fsl_5.jpg]
[rcventures.co.in/images/products/fsl_6.jpg]
[rcventures.co.in/images/products/thumb/fsl_6.jpg]
[rcventures.co.in/images/products/fsl_7.jpg]
[rcventures.co.in/images/products/thumb/fsl_7.jpg]
[rcventures.co.in/images/products/fsl_8.jpg]
[rcventures.co.in/images/products/thumb/fsl_8.jpg]
[rcventures.co.in/images/products/fsl_9.jpg]
[rcventures.co.in/images/products/thumb/fsl_9.jpg]
[rcventures.co.in/images/products/fsl_10.jpg]
[rcventures.co.in/images/products/thumb/fsl_10.jpg]
[rcventures.co.in/images/products/fsl_11.jpg]
[rcventures.co.in/images/products/thumb/fsl_11.jpg]
[rcventures.co.in/images/products/fsl_12.jpg]
[rcventures.co.in/images/products/thumb/fsl_12.jpg]
[rcventures.co.in/images/products/fsl_13.jpg]
[rcventures.co.in/images/products/thumb/fsl_13.jpg]
[rcventures.co.in/images/products/fsl_14.jpg]
[rcventures.co.in/images/products/thumb/fsl_14.jpg]
[rcventures.co.in/freestandlitterbin.html]
[rcventures.co.in/js/contact.js]
[rcventures.co.in/contact.html]
[rcventures.co.in/images/bg/bg3.html]
[rcventures.co.in/images/imac.html]
[rcventures.co.in/images/noimage.html]
[rcventures.co.in/images/sliderdot.html]
[rcventures.co.in/css/images/bg_direction_nav.html]
[rcventures.co.in/js/fancybox_sprite.png]
[rcventures.co.in/js/fancybox_loading.gif]
[rcventures.co.in/js/blank.gif]
[rcventures.co.in/js/fancybox_overlay.png]
[rcventures.co.in/js/jquery.fancybox.css]
[rcventures.co.in/industrial_crates-2.html]
[rcventures.co.in/industry_wise_crates.html]
